{
    "cellprofiler - illumcalc - painting": {
        "content": [
            [
                
            ]
        ],
        "meta": {
            "nf-test": "0.9.3",
            "nextflow": "25.10.0"
        },
        "timestamp": "2025-11-17T04:42:09.13464049"
    },
    "cellprofiler - illumcalc - stub": {
        "content": [
            {
                "0": [
                    [
                        {
                            "batch": "Batch1",
                            "plate": "Plate1",
                            "channels": "CHN2-AF488",
                            "id": "Batch1_Plate1_CHN2-AF488"
                        },
                        "Plate1_IllumCHN2-AF488.npy:md5,d41d8cd98f00b204e9800998ecf8427e"
                    ]
                ],
                "1": [
                    "load_data.csv:md5,d41d8cd98f00b204e9800998ecf8427e"
                ],
                "2": [
                    "versions.yml:md5,98d323b6db96db92395d35d733f6af55"
                ],
                "illumination_corrections": [
                    [
                        {
                            "batch": "Batch1",
                            "plate": "Plate1",
                            "channels": "CHN2-AF488",
                            "id": "Batch1_Plate1_CHN2-AF488"
                        },
                        "Plate1_IllumCHN2-AF488.npy:md5,d41d8cd98f00b204e9800998ecf8427e"
                    ]
                ],
                "load_data_csv": [
                    "load_data.csv:md5,d41d8cd98f00b204e9800998ecf8427e"
                ],
                "versions": [
                    "versions.yml:md5,98d323b6db96db92395d35d733f6af55"
                ]
            }
        ],
        "meta": {
            "nf-test": "0.9.3",
            "nextflow": "25.10.0"
        },
        "timestamp": "2025-11-09T01:56:07.238342742"
    }
}