{
    "cellprofiler - illumcalc - multi-channel - not parallel": {
        "content": [
            [
                [
                    {
                        "batch": "Batch1",
                        "plate": "Plate1",
                        "channels": "CHN2-AF488",
                        "id": "Batch1_Plate1_CHN2-AF488"
                    },
                    "Plate1_IllumCHN2-AF488.npy:md5,dcf072c2e25cbeb8ca8c9d9044c2ff34"
                ]
            ]
        ],
        "meta": {
            "nf-test": "0.9.3",
            "nextflow": "25.10.0"
        },
        "timestamp": "2025-11-06T19:24:28.244774439"
    },
    "cellprofiler - illumcalc - multi-channel - in parallel": {
        "content": [
            [
                [
                    {
                        "batch": "Batch1",
                        "plate": "Plate1",
                        "channels": "CHN2-AF488",
                        "id": "Batch1_Plate1_CHN2-AF488"
                    },
                    "Plate1_IllumCHN2-AF488.npy:md5,dcf072c2e25cbeb8ca8c9d9044c2ff34"
                ]
            ]
        ],
        "meta": {
            "nf-test": "0.9.3",
            "nextflow": "25.10.0"
        },
        "timestamp": "2025-11-06T19:24:44.421491721"
    },
    "cellprofiler - illumcalc - stub": {
        "content": [
            {
                "0": [
                    [
                        {
                            "batch": "Batch1",
                            "plate": "Plate1",
                            "channels": "CHN2-AF488",
                            "id": "Batch1_Plate1_CHN2-AF488"
                        },
                        "Plate1_IllumCHN2-AF488.npy:md5,1950d1deb8bc1c4cc1c859cd0174ecc3"
                    ]
                ],
                "1": [
                    "versions.yml:md5,98d323b6db96db92395d35d733f6af55"
                ],
                "illumination_corrections": [
                    [
                        {
                            "batch": "Batch1",
                            "plate": "Plate1",
                            "channels": "CHN2-AF488",
                            "id": "Batch1_Plate1_CHN2-AF488"
                        },
                        "Plate1_IllumCHN2-AF488.npy:md5,1950d1deb8bc1c4cc1c859cd0174ecc3"
                    ]
                ],
                "versions": [
                    "versions.yml:md5,98d323b6db96db92395d35d733f6af55"
                ]
            }
        ],
        "meta": {
            "nf-test": "0.9.3",
            "nextflow": "25.10.0"
        },
        "timestamp": "2025-11-06T19:24:55.245107321"
    }
}