{
    "-profile test": {
        "content": [
            18,
            [
                "cellprofiler",
                "cellprofiler/illumination_corrections",
                "cellprofiler/illumination_corrections/Plate1_Cycle1_IllumA.npy",
                "cellprofiler/illumination_corrections/Plate1_Cycle1_IllumC.npy",
                "cellprofiler/illumination_corrections/Plate1_Cycle1_IllumDAPI.npy",
                "cellprofiler/illumination_corrections/Plate1_Cycle1_IllumG.npy",
                "cellprofiler/illumination_corrections/Plate1_Cycle1_IllumT.npy",
                "cellprofiler/illumination_corrections/Plate1_Cycle2_IllumA.npy",
                "cellprofiler/illumination_corrections/Plate1_Cycle2_IllumC.npy",
                "cellprofiler/illumination_corrections/Plate1_Cycle2_IllumDAPI.npy",
                "cellprofiler/illumination_corrections/Plate1_Cycle2_IllumG.npy",
                "cellprofiler/illumination_corrections/Plate1_Cycle2_IllumT.npy",
                "cellprofiler/illumination_corrections/Plate1_Cycle3_IllumA.npy",
                "cellprofiler/illumination_corrections/Plate1_Cycle3_IllumC.npy",
                "cellprofiler/illumination_corrections/Plate1_Cycle3_IllumDAPI.npy",
                "cellprofiler/illumination_corrections/Plate1_Cycle3_IllumG.npy",
                "cellprofiler/illumination_corrections/Plate1_Cycle3_IllumT.npy",
                "cellprofiler/illumination_corrections/Plate1_IllumCHN2-AF488.npy",
                "cellprofiler/illumination_corrections/Plate1_IllumDNA.npy",
                "cellprofiler/illumination_corrections/Plate1_IllumPhalloidin.npy",
                "pipeline_info"
            ],
            [
                "Plate1_Cycle1_IllumA.npy:md5,cb95c953e2a835961a3280864d6f3983",
                "Plate1_Cycle1_IllumC.npy:md5,aa315cbff1bbe4b02db110db7ccd097a",
                "Plate1_Cycle1_IllumDAPI.npy:md5,41402f843aba2178a62db94055a888b2",
                "Plate1_Cycle1_IllumG.npy:md5,d17c69888d2196ff7bc5f608d1ea2c67",
                "Plate1_Cycle1_IllumT.npy:md5,0fa6a4e635a533afa6c9dabf76999d39",
                "Plate1_Cycle2_IllumA.npy:md5,5aa9c789067e041f3e204a8f44035c5b",
                "Plate1_Cycle2_IllumC.npy:md5,eb5ca81c3ba79f154eb674089ea2f63b",
                "Plate1_Cycle2_IllumDAPI.npy:md5,dfc1036b151b84bc07e07cc24f165b83",
                "Plate1_Cycle2_IllumG.npy:md5,4eac301c8bdfd9aa78be2a69cbb33633",
                "Plate1_Cycle2_IllumT.npy:md5,d9f1e9bcfbd2b40737cbfb207ff65447",
                "Plate1_Cycle3_IllumA.npy:md5,c4167ec1b28b453c039a0ada023ec0f8",
                "Plate1_Cycle3_IllumC.npy:md5,a0b165f628fc49247d4d42998ffbd880",
                "Plate1_Cycle3_IllumDAPI.npy:md5,5891f4fa20411ad94dde18eb7071d747",
                "Plate1_Cycle3_IllumG.npy:md5,eadfc1e91d94cfaf47f3af90044317bd",
                "Plate1_Cycle3_IllumT.npy:md5,299a7f5d184126ed7820d665e72c4334",
                "Plate1_IllumCHN2-AF488.npy:md5,f0b7db042aba9fe16e005d38df1460a4",
                "Plate1_IllumDNA.npy:md5,069f78f5458455536dfd1d55747ed8ed",
                "Plate1_IllumPhalloidin.npy:md5,099f4e8dab1630727b553c354c145de7"
            ]
        ],
        "meta": {
            "nf-test": "0.9.2",
            "nextflow": "25.04.6"
        },
        "timestamp": "2025-09-03T09:59:48.026939"
    },
    "-profile test -multichannel_parallel false": {
        "content": [
            4,
            [
                "cellprofiler",
                "cellprofiler/illumination_corrections",
                "cellprofiler/illumination_corrections/Plate1_Cycle1_IllumA.npy",
                "cellprofiler/illumination_corrections/Plate1_Cycle1_IllumC.npy",
                "cellprofiler/illumination_corrections/Plate1_Cycle1_IllumDAPI.npy",
                "cellprofiler/illumination_corrections/Plate1_Cycle1_IllumG.npy",
                "cellprofiler/illumination_corrections/Plate1_Cycle1_IllumT.npy",
                "cellprofiler/illumination_corrections/Plate1_Cycle2_IllumA.npy",
                "cellprofiler/illumination_corrections/Plate1_Cycle2_IllumC.npy",
                "cellprofiler/illumination_corrections/Plate1_Cycle2_IllumDAPI.npy",
                "cellprofiler/illumination_corrections/Plate1_Cycle2_IllumG.npy",
                "cellprofiler/illumination_corrections/Plate1_Cycle2_IllumT.npy",
                "cellprofiler/illumination_corrections/Plate1_Cycle3_IllumA.npy",
                "cellprofiler/illumination_corrections/Plate1_Cycle3_IllumC.npy",
                "cellprofiler/illumination_corrections/Plate1_Cycle3_IllumDAPI.npy",
                "cellprofiler/illumination_corrections/Plate1_Cycle3_IllumG.npy",
                "cellprofiler/illumination_corrections/Plate1_Cycle3_IllumT.npy",
                "cellprofiler/illumination_corrections/Plate1_IllumCHN2-AF488.npy",
                "cellprofiler/illumination_corrections/Plate1_IllumDNA.npy",
                "cellprofiler/illumination_corrections/Plate1_IllumPhalloidin.npy",
                "pipeline_info"
            ],
            [
                "Plate1_Cycle1_IllumA.npy:md5,cb95c953e2a835961a3280864d6f3983",
                "Plate1_Cycle1_IllumC.npy:md5,aa315cbff1bbe4b02db110db7ccd097a",
                "Plate1_Cycle1_IllumDAPI.npy:md5,41402f843aba2178a62db94055a888b2",
                "Plate1_Cycle1_IllumG.npy:md5,d17c69888d2196ff7bc5f608d1ea2c67",
                "Plate1_Cycle1_IllumT.npy:md5,0fa6a4e635a533afa6c9dabf76999d39",
                "Plate1_Cycle2_IllumA.npy:md5,5aa9c789067e041f3e204a8f44035c5b",
                "Plate1_Cycle2_IllumC.npy:md5,eb5ca81c3ba79f154eb674089ea2f63b",
                "Plate1_Cycle2_IllumDAPI.npy:md5,dfc1036b151b84bc07e07cc24f165b83",
                "Plate1_Cycle2_IllumG.npy:md5,4eac301c8bdfd9aa78be2a69cbb33633",
                "Plate1_Cycle2_IllumT.npy:md5,d9f1e9bcfbd2b40737cbfb207ff65447",
                "Plate1_Cycle3_IllumA.npy:md5,c4167ec1b28b453c039a0ada023ec0f8",
                "Plate1_Cycle3_IllumC.npy:md5,a0b165f628fc49247d4d42998ffbd880",
                "Plate1_Cycle3_IllumDAPI.npy:md5,5891f4fa20411ad94dde18eb7071d747",
                "Plate1_Cycle3_IllumG.npy:md5,eadfc1e91d94cfaf47f3af90044317bd",
                "Plate1_Cycle3_IllumT.npy:md5,299a7f5d184126ed7820d665e72c4334",
                "Plate1_IllumCHN2-AF488.npy:md5,f0b7db042aba9fe16e005d38df1460a4",
                "Plate1_IllumDNA.npy:md5,069f78f5458455536dfd1d55747ed8ed",
                "Plate1_IllumPhalloidin.npy:md5,099f4e8dab1630727b553c354c145de7"
            ]
        ],
        "meta": {
            "nf-test": "0.9.2",
            "nextflow": "25.04.6"
        },
        "timestamp": "2025-09-03T10:04:17.353582"
    }
}