{
    "cellprofiler - segcheck - microscopy_images": {
        "content": [
            [
                "SegmentationCheck_Cells.csv:md5,c946f4728ae99b65da1270a3a2938da9",
                "SegmentationCheck_ConfluentRegions.csv:md5,01fa119326227de0e78d4fa10c624eea",
                "SegmentationCheck_Nuclei.csv:md5,952a0685f18d2b324b8a2360d8fe893d",
                "SegmentationCheck_PreCells.csv:md5,5c575493b49cb6a43420d620912bf1fc",
                "load_data.csv:md5,ab4384f9e1989e24122a227beefff2d6"
            ]
        ],
        "meta": {
            "nf-test": "0.9.2",
            "nextflow": "25.04.6"
        },
        "timestamp": "2025-10-19T17:40:27.559800157"
    },
    "cellprofiler - segcheck - stub": {
        "content": [
            {
                "0": [
                    [
                        {
                            "batch": "Batch1",
                            "plate": "Plate1",
                            "arm": "painting",
                            "well": "A1",
                            "id": "Batch1_Plate1_painting_A1"
                        },
                        [
                            "SegmentationCheck_Cells.csv:md5,d41d8cd98f00b204e9800998ecf8427e",
                            "SegmentationCheck_ConfluentRegions.csv:md5,d41d8cd98f00b204e9800998ecf8427e",
                            "SegmentationCheck_Experiment.csv:md5,d41d8cd98f00b204e9800998ecf8427e",
                            "SegmentationCheck_Image.csv:md5,d41d8cd98f00b204e9800998ecf8427e",
                            "SegmentationCheck_Nuclei.csv:md5,d41d8cd98f00b204e9800998ecf8427e",
                            "SegmentationCheck_PreCells.csv:md5,d41d8cd98f00b204e9800998ecf8427e"
                        ],
                        "image1.png:md5,d41d8cd98f00b204e9800998ecf8427e"
                    ]
                ],
                "1": [
                    "versions.yml:md5,329de05fb219b72e7eebd89e5c53fc5c"
                ],
                "segcheck_res": [
                    [
                        {
                            "batch": "Batch1",
                            "plate": "Plate1",
                            "arm": "painting",
                            "well": "A1",
                            "id": "Batch1_Plate1_painting_A1"
                        },
                        [
                            "SegmentationCheck_Cells.csv:md5,d41d8cd98f00b204e9800998ecf8427e",
                            "SegmentationCheck_ConfluentRegions.csv:md5,d41d8cd98f00b204e9800998ecf8427e",
                            "SegmentationCheck_Experiment.csv:md5,d41d8cd98f00b204e9800998ecf8427e",
                            "SegmentationCheck_Image.csv:md5,d41d8cd98f00b204e9800998ecf8427e",
                            "SegmentationCheck_Nuclei.csv:md5,d41d8cd98f00b204e9800998ecf8427e",
                            "SegmentationCheck_PreCells.csv:md5,d41d8cd98f00b204e9800998ecf8427e"
                        ],
                        "image1.png:md5,d41d8cd98f00b204e9800998ecf8427e"
                    ]
                ],
                "versions": [
                    "versions.yml:md5,329de05fb219b72e7eebd89e5c53fc5c"
                ]
            }
        ],
        "meta": {
            "nf-test": "0.9.2",
            "nextflow": "25.04.7"
        },
        "timestamp": "2025-10-08T20:03:37.183686"
    }
}