{
    "cellprofiler - illumapply": {
        "content": [
            [
                "Plate_Plate1_Well_A1_Site_0_CorrCHN2.tiff:md5,9f1f5c01a7015d62547703ffb898051c",
                "Plate_Plate1_Well_A1_Site_0_CorrDNA.tiff:md5,ad5d16f2445a44fa18b35219d19b5010",
                "Plate_Plate1_Well_A1_Site_0_CorrPhalloidin.tiff:md5,704bf366b0c3526bd13c3311796aff7b",
                "Plate_Plate1_Well_A1_Site_1_CorrCHN2.tiff:md5,fcd4763a713e4bcef409dc581b13c0b7",
                "Plate_Plate1_Well_A1_Site_1_CorrDNA.tiff:md5,77d6e8c806c9b052e690bff04d6c14d7",
                "Plate_Plate1_Well_A1_Site_1_CorrPhalloidin.tiff:md5,a95435ec0fbfc2a40a0541b9d08ca7ea",
                "Plate_Plate1_Well_A1_Site_2_CorrCHN2.tiff:md5,57d07a12c85d6895efea84cf48297ce6",
                "Plate_Plate1_Well_A1_Site_2_CorrDNA.tiff:md5,e41f7c438570bc85bf2b4865945fe74b",
                "Plate_Plate1_Well_A1_Site_2_CorrPhalloidin.tiff:md5,a6b56c0484e37a3e1ffb43186cb1d058",
                "Plate_Plate1_Well_A1_Site_3_CorrCHN2.tiff:md5,26d47916d709d2b6a0785f54970f63b0",
                "Plate_Plate1_Well_A1_Site_3_CorrDNA.tiff:md5,822d9f57960925696bd4ec9e9e267055",
                "Plate_Plate1_Well_A1_Site_3_CorrPhalloidin.tiff:md5,43f9c0335741d27fe643f68b3d50b6f5"
            ]
        ],
        "meta": {
            "nf-test": "0.9.2",
            "nextflow": "25.04.7"
        },
        "timestamp": "2025-10-08T20:01:13.249808"
    },
    "cellprofiler - illumapply - stub": {
        "content": [
            {
                "0": [
                    [
                        {
                            "batch": "Batch1",
                            "plate": "Plate1",
                            "arm": "CP",
                            "well": "A01",
                            "id": "Batch1_Plate1_painting_A1"
                        },
                        "Plate_Plate1_Well_A01_Site_null_CorrPhalloidin.tiff:md5,d41d8cd98f00b204e9800998ecf8427e",
                        [
                            "PaintingIllumApplication_Cells.csv:md5,d41d8cd98f00b204e9800998ecf8427e",
                            "PaintingIllumApplication_ConfluentRegions.csv:md5,d41d8cd98f00b204e9800998ecf8427e",
                            "PaintingIllumApplication_Experiment.csv:md5,d41d8cd98f00b204e9800998ecf8427e",
                            "PaintingIllumApplication_Image.csv:md5,d41d8cd98f00b204e9800998ecf8427e",
                            "PaintingIllumApplication_Nuclei.csv:md5,d41d8cd98f00b204e9800998ecf8427e"
                        ]
                    ]
                ],
                "1": [
                    "versions.yml:md5,fcc737a6b71b0afbb10e43104dd6c549"
                ],
                "corrected_images": [
                    [
                        {
                            "batch": "Batch1",
                            "plate": "Plate1",
                            "arm": "CP",
                            "well": "A01",
                            "id": "Batch1_Plate1_painting_A1"
                        },
                        "Plate_Plate1_Well_A01_Site_null_CorrPhalloidin.tiff:md5,d41d8cd98f00b204e9800998ecf8427e",
                        [
                            "PaintingIllumApplication_Cells.csv:md5,d41d8cd98f00b204e9800998ecf8427e",
                            "PaintingIllumApplication_ConfluentRegions.csv:md5,d41d8cd98f00b204e9800998ecf8427e",
                            "PaintingIllumApplication_Experiment.csv:md5,d41d8cd98f00b204e9800998ecf8427e",
                            "PaintingIllumApplication_Image.csv:md5,d41d8cd98f00b204e9800998ecf8427e",
                            "PaintingIllumApplication_Nuclei.csv:md5,d41d8cd98f00b204e9800998ecf8427e"
                        ]
                    ]
                ],
                "versions": [
                    "versions.yml:md5,fcc737a6b71b0afbb10e43104dd6c549"
                ]
            }
        ],
        "meta": {
            "nf-test": "0.9.2",
            "nextflow": "25.04.7"
        },
        "timestamp": "2025-10-08T20:01:25.228882"
    }
}