{
    "cellprofiler - illumapply": {
        "content": [
            [
                [
                    {
                        "batch": "Batch1",
                        "plate": "Plate1",
                        "arm": "CP",
                        "well": "A01",
                        "id": "Batch1_Plate1_CP_A01"
                    },
                    [
                        "Plate_Plate1_Well_A1_Site_0_CorrCHN2-AF488.tiff:md5,2b2e983ee9152d1b797a0dd7ba8c1df4",
                        "Plate_Plate1_Well_A1_Site_0_CorrDNA.tiff:md5,c6282c3547cb50f41e08e34498efdbc6",
                        "Plate_Plate1_Well_A1_Site_0_CorrPhalloidin.tiff:md5,d75a60071d952a0c15eb775cfde2f112",
                        "Plate_Plate1_Well_A1_Site_1_CorrCHN2-AF488.tiff:md5,8586f4f51f3437a196cd3881ca3f4703",
                        "Plate_Plate1_Well_A1_Site_1_CorrDNA.tiff:md5,4f98ddf6ff3daa5071eea2062f919719",
                        "Plate_Plate1_Well_A1_Site_1_CorrPhalloidin.tiff:md5,9e0d2c395127d7d249737b23c261cd1d",
                        "Plate_Plate1_Well_A1_Site_2_CorrCHN2-AF488.tiff:md5,0b17a141f33b9f66fd032b0094cc35c8",
                        "Plate_Plate1_Well_A1_Site_2_CorrDNA.tiff:md5,a1adb95be3d418b34fe6a64e8ffc4e19",
                        "Plate_Plate1_Well_A1_Site_2_CorrPhalloidin.tiff:md5,37472da98f32801a9a19941bc046fe1c",
                        "Plate_Plate1_Well_A1_Site_3_CorrCHN2-AF488.tiff:md5,c0bfa96e9c66212703cb4131dc179595",
                        "Plate_Plate1_Well_A1_Site_3_CorrDNA.tiff:md5,3b0bcd81918b009b6bfdd22852692402",
                        "Plate_Plate1_Well_A1_Site_3_CorrPhalloidin.tiff:md5,c02b1d5282b711def0aafa5f1ee92bf6",
                        "Plate_Plate1_Well_A2_Site_0_CorrCHN2-AF488.tiff:md5,ca8acd279ddf2fccd3418ebb7bf32150",
                        "Plate_Plate1_Well_A2_Site_0_CorrDNA.tiff:md5,c10629213e0dff0957e3fd102ed21527",
                        "Plate_Plate1_Well_A2_Site_0_CorrPhalloidin.tiff:md5,a6e3139121666b645f1b688bfa38bd23",
                        "Plate_Plate1_Well_A2_Site_1_CorrCHN2-AF488.tiff:md5,37873a601a1c847ef61bcdc27253baf4",
                        "Plate_Plate1_Well_A2_Site_1_CorrDNA.tiff:md5,d07400a9ca3cfdddfe303ac8ff2af4a7",
                        "Plate_Plate1_Well_A2_Site_1_CorrPhalloidin.tiff:md5,a83d7a9e2c35315b439dd1d862fd1656",
                        "Plate_Plate1_Well_A2_Site_2_CorrCHN2-AF488.tiff:md5,a324453defa6b3f3b9394b1dd5c21e45",
                        "Plate_Plate1_Well_A2_Site_2_CorrDNA.tiff:md5,871b9b5ad1f1752d59416b25525d6e57",
                        "Plate_Plate1_Well_A2_Site_2_CorrPhalloidin.tiff:md5,7c9e9ec77cbcb1f11864c2e9dcad3fc3",
                        "Plate_Plate1_Well_A2_Site_3_CorrCHN2-AF488.tiff:md5,135ce621704b5ac6da26ea719dc7183c",
                        "Plate_Plate1_Well_A2_Site_3_CorrDNA.tiff:md5,31715a23daa2934374f625b63e6a212c",
                        "Plate_Plate1_Well_A2_Site_3_CorrPhalloidin.tiff:md5,6f2fea44f7652a46e251162b639db577",
                        "Plate_Plate1_Well_B1_Site_0_CorrCHN2-AF488.tiff:md5,4dc0ac3bd6de6ea7db1a7855d7a1527e",
                        "Plate_Plate1_Well_B1_Site_0_CorrDNA.tiff:md5,2f33c9e4e4dab2fa14755c5db63ba4b4",
                        "Plate_Plate1_Well_B1_Site_0_CorrPhalloidin.tiff:md5,603f35a9109e6a2d750b86db8bf34f0c",
                        "Plate_Plate1_Well_B1_Site_1_CorrCHN2-AF488.tiff:md5,448e0c247a5a447d06c43a891045ca61",
                        "Plate_Plate1_Well_B1_Site_1_CorrDNA.tiff:md5,675b6870d237722915dfed0851de26d3",
                        "Plate_Plate1_Well_B1_Site_1_CorrPhalloidin.tiff:md5,061551bc597c7df18ef5e5ea43bb7554",
                        "Plate_Plate1_Well_B1_Site_2_CorrCHN2-AF488.tiff:md5,5584acb4bac28b725aed35332b4eb205",
                        "Plate_Plate1_Well_B1_Site_2_CorrDNA.tiff:md5,a85ef43cd3735baba1a17d5e6171552e",
                        "Plate_Plate1_Well_B1_Site_2_CorrPhalloidin.tiff:md5,9c28e2090f5c339412e58975a769727b",
                        "Plate_Plate1_Well_B1_Site_3_CorrCHN2-AF488.tiff:md5,06b678c23fde27a6f0e8162ccf824967",
                        "Plate_Plate1_Well_B1_Site_3_CorrDNA.tiff:md5,336db3e3535fe6c44cf8aec94f6655c3",
                        "Plate_Plate1_Well_B1_Site_3_CorrPhalloidin.tiff:md5,faa66035e2a43685e715b771e0c1fe2a"
                    ],
                    [
                        "PaintingIllumApplication_Cells.csv:md5,1e10640f5b445d1a28d2c99ae9e44881",
                        "PaintingIllumApplication_ConfluentRegions.csv:md5,1b750935d3b089c32553fc333f8dabcf",
                        "PaintingIllumApplication_Experiment.csv:md5,8829c813253d8e38a4222a1fa41608c0",
                        "PaintingIllumApplication_Image.csv:md5,b426f189d27bf943aff2c0728eb863e1",
                        "PaintingIllumApplication_Nuclei.csv:md5,c1a217e91c485ed4aafc5adff43ec48e"
                    ]
                ]
            ]
        ],
        "meta": {
            "nf-test": "0.9.2",
            "nextflow": "25.04.6"
        },
        "timestamp": "2025-09-13T20:22:53.107122"
    },
    "cellprofiler - illumapply - stub": {
        "content": [
            {
                "0": [
                    [
                        {
                            "batch": "Batch1",
                            "plate": "Plate1",
                            "arm": "cellpainting",
                            "well": "A01",
                            "id": "Batch1_Plate1_cellpainting_A01"
                        },
                        "Batch1_Plate1_cellpainting_A01_corrected_image.tiff:md5,d41d8cd98f00b204e9800998ecf8427e",
                        "Batch1_Plate1_cellpainting_A01_load_data.csv:md5,d41d8cd98f00b204e9800998ecf8427e"
                    ]
                ],
                "1": [
                    "versions.yml:md5,fcc737a6b71b0afbb10e43104dd6c549"
                ],
                "corrected_images": [
                    [
                        {
                            "batch": "Batch1",
                            "plate": "Plate1",
                            "arm": "cellpainting",
                            "well": "A01",
                            "id": "Batch1_Plate1_cellpainting_A01"
                        },
                        "Batch1_Plate1_cellpainting_A01_corrected_image.tiff:md5,d41d8cd98f00b204e9800998ecf8427e",
                        "Batch1_Plate1_cellpainting_A01_load_data.csv:md5,d41d8cd98f00b204e9800998ecf8427e"
                    ]
                ],
                "versions": [
                    "versions.yml:md5,fcc737a6b71b0afbb10e43104dd6c549"
                ]
            }
        ],
        "meta": {
            "nf-test": "0.9.2",
            "nextflow": "25.04.6"
        },
        "timestamp": "2025-09-13T20:23:11.166254"
    }
}