{
    "cellprofiler - combinedanalysis - cropped_images - stub": {
        "content": [
            {
                "0": [
                    [
                        {
                            "id": "Batch1_Plate1_A1_1",
                            "batch": "Batch1",
                            "plate": "Plate1",
                            "well": "A1",
                            "site": 1
                        },
                        [
                            "Plate1-B1_CorrDNA_Site_4_Overlay.png:md5,d41d8cd98f00b204e9800998ecf8427e",
                            "Plate1-B1_CorrDNA_Site_4_SpotOverlay.png:md5,d41d8cd98f00b204e9800998ecf8427e"
                        ]
                    ]
                ],
                "1": [
                    [
                        {
                            "id": "Batch1_Plate1_A1_1",
                            "batch": "Batch1",
                            "plate": "Plate1",
                            "well": "A1",
                            "site": 1
                        },
                        [
                            "BarcodeFoci.csv:md5,d41d8cd98f00b204e9800998ecf8427e",
                            "Cells.csv:md5,d41d8cd98f00b204e9800998ecf8427e",
                            "ConfluentRegions.csv:md5,d41d8cd98f00b204e9800998ecf8427e",
                            "Cytoplasm.csv:md5,d41d8cd98f00b204e9800998ecf8427e",
                            "Experiment.csv:md5,d41d8cd98f00b204e9800998ecf8427e",
                            "Foci.csv:md5,d41d8cd98f00b204e9800998ecf8427e",
                            "Foci_NonCellEdge.csv:md5,d41d8cd98f00b204e9800998ecf8427e",
                            "Foci_PreMask.csv:md5,d41d8cd98f00b204e9800998ecf8427e",
                            "Image.csv:md5,d41d8cd98f00b204e9800998ecf8427e",
                            "Nuclei.csv:md5,d41d8cd98f00b204e9800998ecf8427e",
                            "PreCells.csv:md5,d41d8cd98f00b204e9800998ecf8427e",
                            "RelateObjects.csv:md5,d41d8cd98f00b204e9800998ecf8427e",
                            "ResizeCells.csv:md5,d41d8cd98f00b204e9800998ecf8427e",
                            "ResizeConfluent.csv:md5,d41d8cd98f00b204e9800998ecf8427e",
                            "ResizeNuclei.csv:md5,d41d8cd98f00b204e9800998ecf8427e",
                            "Resize_Foci.csv:md5,d41d8cd98f00b204e9800998ecf8427e",
                            "load_data.csv:md5,d41d8cd98f00b204e9800998ecf8427e"
                        ]
                    ]
                ],
                "2": [
                    [
                        {
                            "id": "Batch1_Plate1_A1_1",
                            "batch": "Batch1",
                            "plate": "Plate1",
                            "well": "A1",
                            "site": 1
                        },
                        "stub_mask.tiff:md5,d41d8cd98f00b204e9800998ecf8427e"
                    ]
                ],
                "3": [
                    "load_data.csv:md5,d41d8cd98f00b204e9800998ecf8427e"
                ],
                "4": [
                    "versions.yml:md5,795803aa173c77404af3cf020ec3f8d2"
                ],
                "csv_stats": [
                    [
                        {
                            "id": "Batch1_Plate1_A1_1",
                            "batch": "Batch1",
                            "plate": "Plate1",
                            "well": "A1",
                            "site": 1
                        },
                        [
                            "BarcodeFoci.csv:md5,d41d8cd98f00b204e9800998ecf8427e",
                            "Cells.csv:md5,d41d8cd98f00b204e9800998ecf8427e",
                            "ConfluentRegions.csv:md5,d41d8cd98f00b204e9800998ecf8427e",
                            "Cytoplasm.csv:md5,d41d8cd98f00b204e9800998ecf8427e",
                            "Experiment.csv:md5,d41d8cd98f00b204e9800998ecf8427e",
                            "Foci.csv:md5,d41d8cd98f00b204e9800998ecf8427e",
                            "Foci_NonCellEdge.csv:md5,d41d8cd98f00b204e9800998ecf8427e",
                            "Foci_PreMask.csv:md5,d41d8cd98f00b204e9800998ecf8427e",
                            "Image.csv:md5,d41d8cd98f00b204e9800998ecf8427e",
                            "Nuclei.csv:md5,d41d8cd98f00b204e9800998ecf8427e",
                            "PreCells.csv:md5,d41d8cd98f00b204e9800998ecf8427e",
                            "RelateObjects.csv:md5,d41d8cd98f00b204e9800998ecf8427e",
                            "ResizeCells.csv:md5,d41d8cd98f00b204e9800998ecf8427e",
                            "ResizeConfluent.csv:md5,d41d8cd98f00b204e9800998ecf8427e",
                            "ResizeNuclei.csv:md5,d41d8cd98f00b204e9800998ecf8427e",
                            "Resize_Foci.csv:md5,d41d8cd98f00b204e9800998ecf8427e",
                            "load_data.csv:md5,d41d8cd98f00b204e9800998ecf8427e"
                        ]
                    ]
                ],
                "load_data_csv": [
                    "load_data.csv:md5,d41d8cd98f00b204e9800998ecf8427e"
                ],
                "overlay_images": [
                    [
                        {
                            "id": "Batch1_Plate1_A1_1",
                            "batch": "Batch1",
                            "plate": "Plate1",
                            "well": "A1",
                            "site": 1
                        },
                        [
                            "Plate1-B1_CorrDNA_Site_4_Overlay.png:md5,d41d8cd98f00b204e9800998ecf8427e",
                            "Plate1-B1_CorrDNA_Site_4_SpotOverlay.png:md5,d41d8cd98f00b204e9800998ecf8427e"
                        ]
                    ]
                ],
                "segmentation_masks": [
                    [
                        {
                            "id": "Batch1_Plate1_A1_1",
                            "batch": "Batch1",
                            "plate": "Plate1",
                            "well": "A1",
                            "site": 1
                        },
                        "stub_mask.tiff:md5,d41d8cd98f00b204e9800998ecf8427e"
                    ]
                ],
                "versions": [
                    "versions.yml:md5,795803aa173c77404af3cf020ec3f8d2"
                ]
            }
        ],
        "meta": {
            "nf-test": "0.9.2",
            "nextflow": "25.10.0"
        },
        "timestamp": "2025-11-03T12:32:45.620408"
    },
    "cellprofiler - combinedanalysis - cropped_images": {
        "content": [
            [
                [
                    {
                        "id": "Batch1_Plate1_A1_1",
                        "batch": "Batch1",
                        "plate": "Plate1",
                        "well": "A1",
                        "site": 1
                    },
                    [
                        "Plate_Plate1_Well_A1_Site_1_CorrDNA_Overlay.png:md5,2cbc9510902fbf8ed005fbad4870765f",
                        "Plate_Plate1_Well_A1_Site_1_CorrDNA_SpotOverlay.png:md5,2446ccc3366c2b13645fbaf0f1c1639f"
                    ]
                ]
            ],
            [
                "BarcodeFoci.csv:md5,50fdeb39dfc9feb493ea99c853d48247",
                "Cells.csv:md5,cae890c62280ecb64c7ccf2f2af5d21f",
                "ConfluentRegions.csv:md5,a571723aaf676b899a9362c1eacf1b7d",
                "Cytoplasm.csv:md5,3c841d4b704bdabd6af4b6b0125ae009",
                "Foci.csv:md5,7604b596cbba3b0219bfde83f7426e60",
                "Foci_NonCellEdge.csv:md5,1e93f880215bc3027569b7cfcf3e7535",
                "Foci_PreMask.csv:md5,c28ac85ded1923097b26ecebfebb77c0",
                "Nuclei.csv:md5,5785e46fc060d258dd2dd36dc0bddf64",
                "PreCells.csv:md5,aae61b9ce945eb5dab3beeeac923f258",
                "RelateObjects.csv:md5,525d7b8563448cace8eb7f8218c04056",
                "ResizeCells.csv:md5,a3390714a58a840a65fab58df55b3a80",
                "ResizeConfluent.csv:md5,4c60f3b1f8805e61294a9e966038f042",
                "ResizeNuclei.csv:md5,14a68baf7f171aef37f8b134f7295b39",
                "Resize_Foci.csv:md5,1bc5f6c77268a6d4e46225010d874773",
                "load_data.csv:md5,51da288bdbcda5de97cb5d8843f1a37b"
            ],
            [
                "load_data.csv:md5,51da288bdbcda5de97cb5d8843f1a37b"
            ],
            [
                "versions.yml:md5,795803aa173c77404af3cf020ec3f8d2"
            ]
        ],
        "meta": {
            "nf-test": "0.9.3",
            "nextflow": "25.10.0"
        },
        "timestamp": "2025-11-07T19:43:21.205482275"
    }
}