{
    "fiji - stitchcrop - painting - corrected_images": {
        "content": [
            [
                [
                    {
                        "batch": "Batch1",
                        "plate": "Plate1",
                        "arm": "painting",
                        "well": "A1",
                        "id": "Batch1_Plate1_painting_A1"
                    },
                    "TileConfiguration.txt:md5,59ba28418f1e3469b5b256d27c6b6c1a"
                ]
            ],
            [
                "versions.yml:md5,05ad37a5e97798a96e40b06bcfb25949"
            ]
        ],
        "timestamp": "2026-06-11T14:11:10.89526213",
        "meta": {
            "nf-test": "0.9.5",
            "nextflow": "26.04.3"
        }
    }
}